Load Map - Mon Apr 21 16:05:58 PDT 2014

Main class:       MyBot
Classes:          68
Interfaces:       6
Methods:          166
Constants:        99
Instance fields:  98
Static fields:    27
Static data size: 127
Code size:        8585
Start address:    8000
End address:      a188

8101 8125 java.lang.Object.toString()
8129 812a java.lang.Object.<init>()
812f 8142 java.lang.Object.getClass()
814c 8160 java.lang.Object.clone()
8252 8263 java.lang.Thread.run()
8268 826e java.lang.Thread.setName(java.lang.String)
8272 829d java.lang.Thread.sleep(long)
82a1 82a6 java.lang.Thread.<clinit>()
82b5 82e5 java.lang.Thread.toString()
82e9 82ef java.lang.Thread.<init>()
82f4 830d java.lang.Thread.setPriority(int)
831d 8322 java.lang.Thread.getName()
832c 8344 java.lang.Thread.<init>(java.lang.Runnable)
834d 836c java.lang.Thread.<init>(java.lang.Runnable, java.lang.String)
83c5 8404 com.ridgesoft.intellibrain.StartupThread.run()
8443 8467 ScreenManager.<init>(com.ridgesoft.io.Display, Screen[], com.ridgesoft.robotics.AnalogInput, int, int)
847b 84c1 ScreenManager.run()
850d 8517 java.lang.String.createString(byte[])
851b 852a java.lang.String.<init>(byte[], int)
852f 853a java.lang.String.getBytes()
853f 8541 java.lang.String.toString()
8545 854a java.lang.String.valueOf(java.lang.Object)
854e 855f java.lang.String.<init>()
8563 8578 java.lang.String.<init>(byte[])
857d 8583 java.lang.String.length()
8588 85aa java.lang.String.getBytes(int, int, byte[], int)
85ae 85de java.lang.String.<init>(char[], int, int)
85e2 860c java.lang.String.<init>(byte[], int, int)
86a0 879e java.lang.Throwable.vmThrow(int)
87aa 87cf java.lang.Throwable.<init>()
87dc 8881 java.lang.Throwable.printStackTrace()
8885 88ac java.lang.Throwable.<clinit>()
88b5 88bd java.lang.Throwable.init()
88c9 890b java.lang.Throwable.<init>(java.lang.String)
89b1 89bb java.lang.InternalError.<init>()
89bf 89ca java.lang.InternalError.<init>(java.lang.String)
89f9 8a03 java.lang.OutOfMemoryError.<init>()
8a07 8a12 java.lang.OutOfMemoryError.<init>(java.lang.String)
8a43 8a4d java.lang.StackOverflowError.<init>()
8a51 8a5c java.lang.StackOverflowError.<init>(java.lang.String)
8e65 8f57 MyBot.main(java.lang.String[])
8f8b 8fa1 java.io.OutputStream.write(byte[])
8fab 8fac java.io.OutputStream.flush()
8fb1 8fcf java.io.OutputStream.write(byte[], int, int)
900a 9014 java.io.FilterOutputStream.<init>(java.io.OutputStream)
9019 9022 java.io.FilterOutputStream.write(byte[])
9027 9030 java.io.FilterOutputStream.write(int)
9035 903d java.io.FilterOutputStream.flush()
9042 904d java.io.FilterOutputStream.write(byte[], int, int)
9080 908b java.io.PrintStream.<init>(java.io.OutputStream)
9090 909a java.io.PrintStream.println(java.lang.String)
90a7 90be java.io.PrintStream.print(java.lang.String)
90cb 90e5 java.io.PrintStream.println()
911f 912e com.ridgesoft.io.OutputStreamTee.<init>(java.io.OutputStream, java.io.OutputStream)
9142 915b com.ridgesoft.io.OutputStreamTee.write(byte[])
916f 9188 com.ridgesoft.io.OutputStreamTee.write(int)
919c 91b3 com.ridgesoft.io.OutputStreamTee.flush()
91c7 91e4 com.ridgesoft.io.OutputStreamTee.write(byte[], int, int)
9233 9296 com.ridgesoft.io.DisplayOutputStream.<init>(com.ridgesoft.io.Display)
929a 92a7 com.ridgesoft.io.DisplayOutputStream.<clinit>()
92ac 92b5 com.ridgesoft.io.DisplayOutputStream.write(byte[])
92ba 9307 com.ridgesoft.io.DisplayOutputStream.write(int)
930c 9338 com.ridgesoft.io.DisplayOutputStream.flush()
933d 9349 com.ridgesoft.io.DisplayOutputStream.write(byte[], int, int)
934d 93cb com.ridgesoft.io.DisplayOutputStream.scroll()
9414 9419 com.ridgesoft.vm.DebugOutputStream.<clinit>()
941e 9427 com.ridgesoft.vm.DebugOutputStream.write(byte[])
942c 9475 com.ridgesoft.vm.DebugOutputStream.write(int)
9482 94a3 com.ridgesoft.vm.DebugOutputStream.flush()
94a8 94b4 com.ridgesoft.vm.DebugOutputStream.write(byte[], int, int)
94d7 94db com.ridgesoft.vm.VM.getDebugOutputStream()
94e9 94f8 com.ridgesoft.vm.VM.<clinit>()
950b 951a com.ridgesoft.vm.VM.isSet(int, int)
9569 9580 com.ridgesoft.intellibrain.IntelliBrain.getOutputStream()
9584 9598 com.ridgesoft.intellibrain.IntelliBrain.getLcdDisplay()
959c 95b6 com.ridgesoft.intellibrain.IntelliBrain.getStartButton()
95ba 95d4 com.ridgesoft.intellibrain.IntelliBrain.getStopButton()
95dd 95f6 com.ridgesoft.intellibrain.IntelliBrain.getThumbWheel()
95fa 96b5 com.ridgesoft.intellibrain.IntelliBrain.getPinPortData(byte)
96b9 96c0 com.ridgesoft.intellibrain.IntelliBrain.<clinit>()
96c4 96d8 com.ridgesoft.intellibrain.IntelliBrain.getBuzzer()
96dc 971f com.ridgesoft.intellibrain.IntelliBrain.getServo(int)
972b 97d1 com.ridgesoft.intellibrain.IntelliBrain.initialize()
9802 9807 java.lang.System.setOut(java.io.PrintStream)
980b 9810 java.lang.System.setErr(java.io.PrintStream)
9896 989f DoBeep.run()
98a4 98a7 DoBeep.toString()
98e7 98e8 DoNothing.run()
98ed 98f0 DoNothing.toString()
9933 9968 RotateClock.run()
99aa 99dd RotateAnti.run()
9a20 9a54 MoveForward.run()
9a9f 9aa9 com.ridgesoft.io.Display.print(int, java.lang.String)
9aae 9ae2 com.ridgesoft.io.Display.print(int, byte[])
9ae7 9aec com.ridgesoft.io.Display.getWidth()
9af1 9af6 com.ridgesoft.io.Display.getHeight()
9afa 9b0b com.ridgesoft.io.Display.<init>(int, int)
9b45 9b4d com.ridgesoft.intellibrain.IntelliBrainDisplay.<init>()
9b52 9b59 com.ridgesoft.intellibrain.IntelliBrainDisplay.printChar(int, int, byte)
9bcb 9bda StaticTextScreen.<init>(java.lang.String, java.lang.String)
9bdf 9bf2 StaticTextScreen.update(com.ridgesoft.io.Display)
9c18 9c1d java.lang.Class.getName()
9c21 9c2b java.lang.Class.<init>(java.lang.String)
9c7d 9c98 java.lang.StringBuilder.<init>(java.lang.String)
9c9d 9cc6 java.lang.StringBuilder.append(java.lang.String)
9ccb 9cdc java.lang.StringBuilder.toString()
9ce1 9d1a java.lang.StringBuilder.ensureCapacity(int)
9d1f 9d7a java.lang.StringBuilder.append(int)
9d7f 9dac java.lang.StringBuilder.append(char[], int, int)
9db0 9dc2 java.lang.StringBuilder.<init>()
9de9 9e2d java.lang.Integer.toHexString(int)
9e32 9e3a java.lang.Integer.toString()
9e3e 9e4d java.lang.Integer.toString(int)
9e7f 9e8e com.ridgesoft.intellibrain.IntelliBrainPinPort.<init>(com.ridgesoft.intellibrain.IntelliBrainPinPortData)
9edd 9ee8 com.ridgesoft.intellibrain.IntelliBrainButtonLed.<init>(com.ridgesoft.intellibrain.IntelliBrainPinPortData, byte)
9ef5 9f07 com.ridgesoft.intellibrain.IntelliBrainButtonLed.waitReleased()
9f0c 9f14 com.ridgesoft.intellibrain.IntelliBrainButtonLed.isPressed()
9f64 9f6c com.ridgesoft.intellibrain.IntelliBrainAnalogInput.toString()
9f70 9f77 com.ridgesoft.intellibrain.IntelliBrainAnalogInput.<clinit>()
9f7c 9f80 com.ridgesoft.intellibrain.IntelliBrainAnalogInput.getMaximum()
9f85 9f90 com.ridgesoft.intellibrain.IntelliBrainAnalogInput.sample()
9f94 9f9d com.ridgesoft.intellibrain.IntelliBrainAnalogInput.enableAToD()
9fa1 9fc5 com.ridgesoft.intellibrain.IntelliBrainAnalogInput.sample(byte)
a035 a055 com.ridgesoft.intellibrain.IntelliBrainPinPortData.<init>(byte, short, short, short, byte)
a07e a088 com.ridgesoft.io.Speaker.beep()
a0c6 a0d8 com.ridgesoft.intellibrain.IntelliBrainBuzzer.play(int, int)
a12e a139 com.ridgesoft.intellibrain.IntelliBrainServo.<init>(int)
a13e a147 com.ridgesoft.intellibrain.IntelliBrainServo.setPosition(int)
a14c a155 com.ridgesoft.intellibrain.IntelliBrainServo.off()
